// Jest Snapshot v1, https://goo.gl/fbAQLP

exports[`<SuggestionLink /> Should render self 1`] = `
<button
  class="SuggestionLink"
>
  sup
</button>
`;
