// Jest Snapshot v1, https://goo.gl/fbAQLP

exports[`<Pronunciations /> Should render self 1`] = `
<div
  class="Pronunciations"
>
  <span>
    /
    <span>
      Jiberish
    </span>
    /
    <p>
      <span
        class="Dialects"
      >
        <span>
          High Valyrian
        </span>
      </span>
      <button
        class="PlayAudioButton"
      >
        â–º
      </button>
    </p>
  </span>
</div>
`;
