// Jest Snapshot v1, https://goo.gl/fbAQLP

exports[`<App /> Should render self 1`] = `
<div
  class="App"
>
  <h2
    class="title is-2 has-text-centered"
  >
    Visual Dictionary
  </h2>
  <div
    class="SearchBox"
  >
    <form
      class="SearchBox__Form"
    >
      <div
        class="field has-addons"
      >
        <div
          class="SearchBox__Input-Control control"
        >
          <input
            class="SearchBox__Input input"
            placeholder="Define ..."
            type="text"
            value=""
          />
        </div>
        <div
          class="SearchBox__Button-Control control"
        >
          <button
            class="button"
          >
            Search
          </button>
        </div>
      </div>
    </form>
  </div>
  <div
    class="SearchResults"
  >
    <div
      class="SearchResults__Images"
    >
      <div
        class="slick-slider slick-initialized"
      >
        
        <div
          class="slick-list"
        >
          <div
            class="slick-track"
            style="opacity: 1; transform: translate3d(0px, 0px, 0px);"
          />
        </div>
        
        
      </div>
    </div>
    <ul
      class="SearchResults__Definitions"
    />
  </div>
</div>
`;
