// Jest Snapshot v1, https://goo.gl/fbAQLP

exports[`<SearchResults /> Should render self 1`] = `
<div
  class="SearchResults"
>
  <div
    class="SearchResults__Images"
  >
    <div
      class="slick-slider slick-initialized"
    >
      
      <div
        class="slick-list"
      >
        <div
          class="slick-track"
          style="opacity: 1; transform: translate3d(0px, 0px, 0px);"
        >
          <div
            aria-hidden="false"
            class="slick-slide slick-active slick-current"
            data-index="0"
            style="outline: none; width: 0px;"
            tabindex="-1"
          >
            <div>
              <a
                href="link1"
                style="width: 100%; display: inline-block;"
                tabindex="-1"
                target="_blank"
              >
                <img
                  alt=""
                />
              </a>
            </div>
          </div>
          <div
            aria-hidden="false"
            class="slick-slide slick-active"
            data-index="1"
            style="outline: none; width: 0px;"
            tabindex="-1"
          >
            <div>
              <a
                href="link2"
                style="width: 100%; display: inline-block;"
                tabindex="-1"
                target="_blank"
              >
                <img
                  alt=""
                />
              </a>
            </div>
          </div>
          <div
            aria-hidden="false"
            class="slick-slide slick-active"
            data-index="2"
            style="outline: none; width: 0px;"
            tabindex="-1"
          >
            <div>
              <a
                href="link3"
                style="width: 100%; display: inline-block;"
                tabindex="-1"
                target="_blank"
              >
                <img
                  alt=""
                />
              </a>
            </div>
          </div>
          <div
            aria-hidden="false"
            class="slick-slide slick-active slick-cloned"
            data-index="3"
            style="width: 0px;"
            tabindex="-1"
          >
            <div>
              <a
                href="link1"
                style="width: 100%; display: inline-block;"
                tabindex="-1"
                target="_blank"
              >
                <img
                  alt=""
                />
              </a>
            </div>
          </div>
          <div
            aria-hidden="true"
            class="slick-slide slick-cloned"
            data-index="4"
            style="width: 0px;"
            tabindex="-1"
          >
            <div>
              <a
                href="link2"
                style="width: 100%; display: inline-block;"
                tabindex="-1"
                target="_blank"
              >
                <img
                  alt=""
                />
              </a>
            </div>
          </div>
          <div
            aria-hidden="true"
            class="slick-slide slick-cloned"
            data-index="5"
            style="width: 0px;"
            tabindex="-1"
          >
            <div>
              <a
                href="link3"
                style="width: 100%; display: inline-block;"
                tabindex="-1"
                target="_blank"
              >
                <img
                  alt=""
                />
              </a>
            </div>
          </div>
        </div>
      </div>
      
      
    </div>
  </div>
  <ul
    class="SearchResults__Definitions"
  >
    <li>
      <div
        class="LexicalEntry"
      >
        <h4
          class="title is-4"
        >
          privacy
        </h4>
        <h5
          class="LexicalCategory is-italic title is-5 has-text-weight-light"
        >
          Noun
        </h5>
        <div
          class="Pronunciations"
        >
          <span>
            /
            <span>
              prɪvəsi
            </span>
            /
            <p>
              <span
                class="Dialects"
              >
                <span>
                  British English
                </span>
              </span>
              <button
                class="PlayAudioButton"
              >
                ►
              </button>
            </p>
          </span>
          <span>
            /
            <span>
              prʌɪvəsi
            </span>
            /
            <p>
              <span
                class="Dialects"
              >
                <span>
                  British English
                </span>
              </span>
            </p>
          </span>
        </div>
        <div
          class="Senses"
        >
          <ul />
        </div>
        <div
          class="Etymologies"
        >
          <h6
            class="title is-6"
          >
            Origin:
          </h6>
          <ul>
            <li>
              Lorem ipsum dolor sit amet, consectetuer adipiscing elit
            </li>
          </ul>
        </div>
      </div>
      <hr />
    </li>
  </ul>
</div>
`;
