// Jest Snapshot v1, https://goo.gl/fbAQLP

exports[`<Definitinos /> Render self 1`] = `
<div
  class="Senses"
>
  <ul />
</div>
`;
