// Jest Snapshot v1, https://goo.gl/fbAQLP

exports[`<PlayAudioButton /> Should render self 1`] = `
<button>
  â–º
</button>
`;
